Clock: clk
Sources: wb_clk_i 
Generated: no
Virtual: yes
Propagated: no
Period: 100.000000

===========================================================================
report_clock_properties
============================================================================
Clock                   Period          Waveform
----------------------------------------------------
clk                 100.000000    0.000000 50.000000

===========================================================================
report_clock_latency
============================================================================
Clock clk
rise -> rise
    min     max
4.650000 5.570000 source latency
6.148784         network latency _8846_/CLK
        7.792998 network latency mprj.team_12_Wrapper.team_12_WB.instance_to_wrap/clk
---------------
10.798784 13.362998 latency
        2.564214 skew

fall -> fall
    min     max
4.650000 5.570000 source latency
6.434480         network latency _8846_/CLK
        7.679273 network latency mprj.team_12_Wrapper.team_12_WB.instance_to_wrap/clk
---------------
11.084479 13.249272 latency
        2.164793 skew



===========================================================================
report_clock_min_period
============================================================================
clk period_min = 17.70 fmax = 56.51
