
===========================================================================
 report_power
============================================================================
======================= min_ff_n40C_1v95 Corner ===================================

Group                    Internal    Switching      Leakage        Total
                            Power        Power        Power        Power (Watts)
------------------------------------------------------------------------
Sequential           1.829415e-04 3.118371e-07 1.113496e-08 1.832644e-04  21.4%
Combinational        1.982773e-05 7.329679e-05 1.281898e-07 9.325270e-05  10.9%
Clock                2.068489e-04 3.728103e-04 4.603829e-07 5.801196e-04  67.7%
Macro                0.000000e+00 0.000000e+00 0.000000e+00 0.000000e+00   0.0%
Pad                  0.000000e+00 0.000000e+00 0.000000e+00 0.000000e+00   0.0%
------------------------------------------------------------------------
Total                4.096182e-04 4.464186e-04 5.997006e-07 8.566365e-04 100.0%
                            47.8%        52.1%         0.1%

