
===========================================================================
 report_power
============================================================================
======================= min_ff_n40C_1v95 Corner ===================================

Group                    Internal    Switching      Leakage        Total
                            Power        Power        Power        Power (Watts)
------------------------------------------------------------------------
Sequential           1.829104e-04 3.233437e-08 1.171926e-08 1.829545e-04  21.9%
Combinational        1.839553e-05 7.193277e-05 1.331533e-07 9.046144e-05  10.8%
Clock                1.902114e-04 3.726061e-04 4.726797e-07 5.632902e-04  67.3%
Macro                0.000000e+00 0.000000e+00 0.000000e+00 0.000000e+00   0.0%
Pad                  0.000000e+00 0.000000e+00 0.000000e+00 0.000000e+00   0.0%
------------------------------------------------------------------------
Total                3.915177e-04 4.445712e-04 6.175518e-07 8.367064e-04 100.0%
                            46.8%        53.1%         0.1%

