Clock: clk
Sources: wb_clk_i 
Generated: no
Virtual: yes
Propagated: no
Period: 100.000000

===========================================================================
report_clock_properties
============================================================================
Clock                   Period          Waveform
----------------------------------------------------
clk                 100.000000    0.000000 50.000000

===========================================================================
report_clock_latency
============================================================================
Clock clk
rise -> rise
    min     max
4.650000 5.570000 source latency
6.605925         network latency _8824_/CLK
        8.516477 network latency mprj.team_12_Wrapper.team_12_WB.instance_to_wrap/clk
---------------
11.255924 14.086476 latency
        2.830552 skew

fall -> fall
    min     max
4.650000 5.570000 source latency
7.029758         network latency _8824_/CLK
        8.532581 network latency mprj.team_12_Wrapper.team_12_WB.instance_to_wrap/clk
---------------
11.679758 14.102581 latency
        2.422823 skew



===========================================================================
report_clock_min_period
============================================================================
clk period_min = 17.66 fmax = 56.61
