
===========================================================================
 report_power
============================================================================
======================= max_ff_n40C_1v95 Corner ===================================

Group                    Internal    Switching      Leakage        Total
                            Power        Power        Power        Power (Watts)
------------------------------------------------------------------------
Sequential           1.833476e-04 3.579214e-08 1.171926e-08 1.833951e-04  20.4%
Combinational        1.873475e-05 8.303835e-05 1.331533e-07 1.019062e-04  11.3%
Clock                1.910061e-04 4.229256e-04 4.726797e-07 6.144044e-04  68.3%
Macro                0.000000e+00 0.000000e+00 0.000000e+00 0.000000e+00   0.0%
Pad                  0.000000e+00 0.000000e+00 0.000000e+00 0.000000e+00   0.0%
------------------------------------------------------------------------
Total                3.930886e-04 5.059994e-04 6.175518e-07 8.997056e-04 100.0%
                            43.7%        56.2%         0.1%

