Clock: clk
Sources: wb_clk_i 
Generated: no
Virtual: yes
Propagated: no
Period: 100.000000

===========================================================================
report_clock_properties
============================================================================
Clock                   Period          Waveform
----------------------------------------------------
clk                 100.000000    0.000000 50.000000

===========================================================================
report_clock_latency
============================================================================
Clock clk
rise -> rise
    min     max
4.650000 5.570000 source latency
7.165910         network latency _8824_/CLK
        8.992272 network latency mprj.team_12_Wrapper.team_12_WB.instance_to_wrap/clk
---------------
11.815910 14.562272 latency
        2.746361 skew

fall -> fall
    min     max
4.650000 5.570000 source latency
7.393624         network latency _8824_/CLK
        8.681418 network latency mprj.team_12_Wrapper.team_12_WB.instance_to_wrap/clk
---------------
12.043623 14.251418 latency
        2.207795 skew



===========================================================================
report_clock_min_period
============================================================================
clk period_min = 23.07 fmax = 43.35
