
===========================================================================
 report_power
============================================================================
======================= nom_tt_025C_1v80 Corner ===================================

Group                    Internal    Switching      Leakage        Total
                            Power        Power        Power        Power (Watts)
------------------------------------------------------------------------
Sequential           1.564751e-04 2.836678e-07 4.676663e-09 1.567635e-04  20.6%
Combinational        1.665281e-05 6.827871e-05 3.814424e-08 8.496967e-05  11.1%
Clock                1.797412e-04 3.406382e-04 3.877483e-07 5.207671e-04  68.3%
Macro                0.000000e+00 0.000000e+00 0.000000e+00 0.000000e+00   0.0%
Pad                  0.000000e+00 0.000000e+00 0.000000e+00 0.000000e+00   0.0%
------------------------------------------------------------------------
Total                3.528690e-04 4.092005e-04 4.305789e-07 7.625000e-04 100.0%
                            46.3%        53.7%         0.1%

