Clock: clk
Sources: wb_clk_i 
Generated: no
Virtual: yes
Propagated: no
Period: 100.000000

===========================================================================
report_clock_properties
============================================================================
Clock                   Period          Waveform
----------------------------------------------------
clk                 100.000000    0.000000 50.000000

===========================================================================
report_clock_latency
============================================================================
Clock clk
rise -> rise
    min     max
4.650000 5.570000 source latency
8.458633         network latency _8824_/CLK
        10.145157 network latency mprj.team_12_Wrapper.team_12_WB.instance_to_wrap/clk
---------------
13.108633 15.715158 latency
        2.606525 skew

fall -> fall
    min     max
4.650000 5.570000 source latency
8.512772         network latency _8824_/CLK
        9.481955 network latency mprj.team_12_Wrapper.team_12_WB.instance_to_wrap/clk
---------------
13.162771 15.051955 latency
        1.889184 skew



===========================================================================
report_clock_min_period
============================================================================
clk period_min = 42.70 fmax = 23.42
