
===========================================================================
 report_power
============================================================================
======================= min_ss_100C_1v60 Corner ===================================

Group                    Internal    Switching      Leakage        Total
                            Power        Power        Power        Power (Watts)
------------------------------------------------------------------------
Sequential           1.200223e-04 2.076179e-08 7.586198e-06 1.276293e-04  20.5%
Combinational        1.238946e-05 4.846396e-05 4.625615e-05 1.071096e-04  17.2%
Clock                1.343246e-04 2.513138e-04 2.492370e-06 3.881307e-04  62.3%
Macro                0.000000e+00 0.000000e+00 0.000000e+00 0.000000e+00   0.0%
Pad                  0.000000e+00 0.000000e+00 0.000000e+00 0.000000e+00   0.0%
------------------------------------------------------------------------
Total                2.667364e-04 2.997986e-04 5.633590e-05 6.228709e-04 100.0%
                            42.8%        48.1%         9.0%

