
===========================================================================
 report_power
============================================================================
======================= min_ss_100C_1v60 Corner ===================================

Group                    Internal    Switching      Leakage        Total
                            Power        Power        Power        Power (Watts)
------------------------------------------------------------------------
Sequential           1.202574e-04 2.120485e-07 7.619661e-06 1.280892e-04  20.1%
Combinational        1.341199e-05 4.935827e-05 4.635664e-05 1.091269e-04  17.1%
Clock                1.459594e-04 2.514458e-04 2.692103e-06 4.000973e-04  62.8%
Macro                0.000000e+00 0.000000e+00 0.000000e+00 0.000000e+00   0.0%
Pad                  0.000000e+00 0.000000e+00 0.000000e+00 0.000000e+00   0.0%
------------------------------------------------------------------------
Total                2.796286e-04 3.010161e-04 5.666940e-05 6.373141e-04 100.0%
                            43.9%        47.2%         8.9%

