Clock: clk
Sources: wb_clk_i 
Generated: no
Virtual: yes
Propagated: no
Period: 100.000000

===========================================================================
report_clock_properties
============================================================================
Clock                   Period          Waveform
----------------------------------------------------
clk                 100.000000    0.000000 50.000000

===========================================================================
report_clock_latency
============================================================================
Clock clk
rise -> rise
    min     max
4.650000 5.570000 source latency
8.809691         network latency _8846_/CLK
        10.719801 network latency mprj.team_12_Wrapper.team_12_WB.instance_to_wrap/clk
---------------
13.459692 16.289803 latency
        2.830110 skew

fall -> fall
    min     max
4.650000 5.570000 source latency
8.863196         network latency _8846_/CLK
        10.061726 network latency mprj.team_12_Wrapper.team_12_WB.instance_to_wrap/clk
---------------
13.513196 15.631725 latency
        2.118529 skew



===========================================================================
report_clock_min_period
============================================================================
clk period_min = 44.95 fmax = 22.25
