Clock: clk
Sources: wb_clk_i 
Generated: no
Virtual: yes
Propagated: no
Period: 100.000000

===========================================================================
report_clock_properties
============================================================================
Clock                   Period          Waveform
----------------------------------------------------
clk                 100.000000    0.000000 50.000000

===========================================================================
report_clock_latency
============================================================================
Clock clk
rise -> rise
    min     max
4.650000 5.570000 source latency
9.080591         network latency _8824_/CLK
        11.004939 network latency mprj.team_12_Wrapper.team_12_WB.instance_to_wrap/clk
---------------
13.730592 16.574940 latency
        2.844347 skew

fall -> fall
    min     max
4.650000 5.570000 source latency
9.124175         network latency _8824_/CLK
        10.308711 network latency mprj.team_12_Wrapper.team_12_WB.instance_to_wrap/clk
---------------
13.774175 15.878711 latency
        2.104535 skew



===========================================================================
report_clock_min_period
============================================================================
clk period_min = 44.44 fmax = 22.50
