
===========================================================================
 report_power
============================================================================
======================= max_ss_100C_1v60 Corner ===================================

Group                    Internal    Switching      Leakage        Total
                            Power        Power        Power        Power (Watts)
------------------------------------------------------------------------
Sequential           1.198687e-04 2.308971e-08 7.586198e-06 1.274780e-04  19.2%
Combinational        1.235585e-05 5.594068e-05 4.625615e-05 1.145527e-04  17.3%
Clock                1.342057e-04 2.851911e-04 2.492370e-06 4.218892e-04  63.5%
Macro                0.000000e+00 0.000000e+00 0.000000e+00 0.000000e+00   0.0%
Pad                  0.000000e+00 0.000000e+00 0.000000e+00 0.000000e+00   0.0%
------------------------------------------------------------------------
Total                2.664303e-04 3.411548e-04 5.633590e-05 6.639209e-04 100.0%
                            40.1%        51.4%         8.5%

