
===========================================================================
 report_power
============================================================================
======================= max_ss_100C_1v60 Corner ===================================

Group                    Internal    Switching      Leakage        Total
                            Power        Power        Power        Power (Watts)
------------------------------------------------------------------------
Sequential           1.200894e-04 2.395957e-07 7.619661e-06 1.279486e-04  18.9%
Combinational        1.338263e-05 5.677461e-05 4.635664e-05 1.165139e-04  17.2%
Clock                1.458132e-04 2.850739e-04 2.692103e-06 4.335792e-04  63.9%
Macro                0.000000e+00 0.000000e+00 0.000000e+00 0.000000e+00   0.0%
Pad                  0.000000e+00 0.000000e+00 0.000000e+00 0.000000e+00   0.0%
------------------------------------------------------------------------
Total                2.792852e-04 3.420883e-04 5.666940e-05 6.780428e-04 100.0%
                            41.2%        50.5%         8.4%

