Clock: clk
Sources: wb_clk_i 
Generated: no
Virtual: yes
Propagated: no
Period: 100.000000

===========================================================================
report_clock_properties
============================================================================
Clock                   Period          Waveform
----------------------------------------------------
clk                 100.000000    0.000000 50.000000

===========================================================================
report_clock_latency
============================================================================
Clock clk
rise -> rise
    min     max
4.650000 5.570000 source latency
7.210555         network latency _8846_/CLK
        9.114459 network latency mprj.team_12_Wrapper.team_12_WB.instance_to_wrap/clk
---------------
11.860555 14.684459 latency
        2.823904 skew

fall -> fall
    min     max
4.650000 5.570000 source latency
7.449941         network latency _8846_/CLK
        8.847447 network latency mprj.team_12_Wrapper.team_12_WB.instance_to_wrap/clk
---------------
12.099941 14.417447 latency
        2.317506 skew



===========================================================================
report_clock_min_period
============================================================================
clk period_min = 23.97 fmax = 41.71
