┏━━━━━━━━━━━━━━━━━━━━━━┳━━━━━━━━━━┳━━━━━━━━━━┳━━━━━━━━━━┳━━━━━━━━━━┳━━━━━━━━━━━┳━━━━━━━━━━┳━━━━━━━━━━━┳━━━━━━━━━━┳━━━━━━━━━━━┳━━━━━━━━━━┳━━━━━━━━━━━┳━━━━━━━━━━┓
┃                      ┃ Hold     ┃ Reg to   ┃          ┃          ┃ of which  ┃ Setup    ┃           ┃          ┃           ┃ of which ┃           ┃          ┃
┃                      ┃ Worst    ┃ Reg      ┃          ┃ Hold Vio ┃ reg to    ┃ Worst    ┃ Reg to    ┃ Setup    ┃ Setup Vio ┃ reg to   ┃ Max Cap   ┃ Max Slew ┃
┃ Corner/Group         ┃ Slack    ┃ Paths    ┃ Hold TNS ┃ Count    ┃ reg       ┃ Slack    ┃ Reg Paths ┃ TNS      ┃ Count     ┃ reg      ┃ Violatio… ┃ Violati… ┃
┡━━━━━━━━━━━━━━━━━━━━━━╇━━━━━━━━━━╇━━━━━━━━━━╇━━━━━━━━━━╇━━━━━━━━━━╇━━━━━━━━━━━╇━━━━━━━━━━╇━━━━━━━━━━━╇━━━━━━━━━━╇━━━━━━━━━━━╇━━━━━━━━━━╇━━━━━━━━━━━╇━━━━━━━━━━┩
│ Overall              │ 0.7618   │ 0.8617   │ 0.0000   │ 0        │ 0         │ 29.6161  │ 29.6161   │ 0.0000   │ 0         │ 0        │ 111       │ 2777     │
│ nom_tt_025C_1v80     │ 1.0859   │ 1.4268   │ 0.0000   │ 0        │ 0         │ 34.1418  │ 34.1418   │ 0.0000   │ 0         │ 0        │ 17        │ 1511     │
│ nom_ss_100C_1v60     │ 2.2537   │ 2.6336   │ 0.0000   │ 0        │ 0         │ 29.8001  │ 29.8001   │ 0.0000   │ 0         │ 0        │ 87        │ 2221     │
│ nom_ff_n40C_1v95     │ 0.8727   │ 0.8727   │ 0.0000   │ 0        │ 0         │ 35.7839  │ 35.7839   │ 0.0000   │ 0         │ 0        │ 5         │ 1382     │
│ min_tt_025C_1v80     │ 1.2171   │ 1.4456   │ 0.0000   │ 0        │ 0         │ 34.2621  │ 34.2621   │ 0.0000   │ 0         │ 0        │ 13        │ 1088     │
│ min_ss_100C_1v60     │ 2.4519   │ 2.6161   │ 0.0000   │ 0        │ 0         │ 30.0820  │ 30.0820   │ 0.0000   │ 0         │ 0        │ 66        │ 1727     │
│ min_ff_n40C_1v95     │ 0.8911   │ 0.8911   │ 0.0000   │ 0        │ 0         │ 35.8397  │ 35.8397   │ 0.0000   │ 0         │ 0        │ 3         │ 946      │
│ max_tt_025C_1v80     │ 0.9010   │ 1.4145   │ 0.0000   │ 0        │ 0         │ 34.0747  │ 34.0747   │ 0.0000   │ 0         │ 0        │ 23        │ 1897     │
│ max_ss_100C_1v60     │ 1.9709   │ 2.6160   │ 0.0000   │ 0        │ 0         │ 29.6161  │ 29.6161   │ 0.0000   │ 0         │ 0        │ 111       │ 2777     │
│ max_ff_n40C_1v95     │ 0.7618   │ 0.8617   │ 0.0000   │ 0        │ 0         │ 35.7914  │ 35.7914   │ 0.0000   │ 0         │ 0        │ 8         │ 1741     │
└──────────────────────┴──────────┴──────────┴──────────┴──────────┴───────────┴──────────┴───────────┴──────────┴───────────┴──────────┴───────────┴──────────┘
