┏━━━━━━━━━━━━━━━━━━━━━━┳━━━━━━━━━━┳━━━━━━━━━━┳━━━━━━━━━━┳━━━━━━━━━━┳━━━━━━━━━━━┳━━━━━━━━━━┳━━━━━━━━━━━┳━━━━━━━━━━┳━━━━━━━━━━━┳━━━━━━━━━━┳━━━━━━━━━━━┳━━━━━━━━━━┓
┃                      ┃ Hold     ┃ Reg to   ┃          ┃          ┃ of which  ┃ Setup    ┃           ┃          ┃           ┃ of which ┃           ┃          ┃
┃                      ┃ Worst    ┃ Reg      ┃          ┃ Hold Vio ┃ reg to    ┃ Worst    ┃ Reg to    ┃ Setup    ┃ Setup Vio ┃ reg to   ┃ Max Cap   ┃ Max Slew ┃
┃ Corner/Group         ┃ Slack    ┃ Paths    ┃ Hold TNS ┃ Count    ┃ reg       ┃ Slack    ┃ Reg Paths ┃ TNS      ┃ Count     ┃ reg      ┃ Violatio… ┃ Violati… ┃
┡━━━━━━━━━━━━━━━━━━━━━━╇━━━━━━━━━━╇━━━━━━━━━━╇━━━━━━━━━━╇━━━━━━━━━━╇━━━━━━━━━━━╇━━━━━━━━━━╇━━━━━━━━━━━╇━━━━━━━━━━╇━━━━━━━━━━━╇━━━━━━━━━━╇━━━━━━━━━━━╇━━━━━━━━━━┩
│ Overall              │ 0.6463   │ 0.7828   │ 0.0000   │ 0        │ 0         │ 29.8954  │ 29.8954   │ 0.0000   │ 0         │ 0        │ 111       │ 2723     │
│ nom_tt_025C_1v80     │ 0.9993   │ 1.6409   │ 0.0000   │ 0        │ 0         │ 34.3544  │ 34.3544   │ 0.0000   │ 0         │ 0        │ 15        │ 1558     │
│ nom_ss_100C_1v60     │ 2.1486   │ 3.4824   │ 0.0000   │ 0        │ 0         │ 30.0897  │ 30.0897   │ 0.0000   │ 0         │ 0        │ 93        │ 2254     │
│ nom_ff_n40C_1v95     │ 0.8094   │ 0.8346   │ 0.0000   │ 0        │ 0         │ 35.9926  │ 35.9926   │ 0.0000   │ 0         │ 0        │ 4         │ 1430     │
│ min_tt_025C_1v80     │ 1.1497   │ 1.6655   │ 0.0000   │ 0        │ 0         │ 34.4414  │ 34.4414   │ 0.0000   │ 0         │ 0        │ 5         │ 1000     │
│ min_ss_100C_1v60     │ 2.3378   │ 2.9443   │ 0.0000   │ 0        │ 0         │ 30.3038  │ 30.3038   │ 0.0000   │ 0         │ 0        │ 66        │ 1574     │
│ min_ff_n40C_1v95     │ 0.8984   │ 0.8984   │ 0.0000   │ 0        │ 0         │ 35.9986  │ 35.9986   │ 0.0000   │ 0         │ 0        │ 2         │ 927      │
│ max_tt_025C_1v80     │ 0.7863   │ 1.6112   │ 0.0000   │ 0        │ 0         │ 34.3084  │ 34.3084   │ 0.0000   │ 0         │ 0        │ 19        │ 2014     │
│ max_ss_100C_1v60     │ 1.8580   │ 3.5244   │ 0.0000   │ 0        │ 0         │ 29.8954  │ 29.8954   │ 0.0000   │ 0         │ 0        │ 111       │ 2723     │
│ max_ff_n40C_1v95     │ 0.6463   │ 0.7828   │ 0.0000   │ 0        │ 0         │ 36.0328  │ 36.0328   │ 0.0000   │ 0         │ 0        │ 5         │ 1832     │
└──────────────────────┴──────────┴──────────┴──────────┴──────────┴───────────┴──────────┴───────────┴──────────┴───────────┴──────────┴───────────┴──────────┘
