Clock: clk
Sources: wb_clk_i 
Generated: no
Virtual: yes
Propagated: no
Period: 100.000000

===========================================================================
report_clock_properties
============================================================================
Clock                   Period          Waveform
----------------------------------------------------
clk                 100.000000    0.000000 50.000000

===========================================================================
report_clock_latency
============================================================================
Clock clk
rise -> rise
    min     max
4.650000 5.570000 source latency
6.953848         network latency _8824_/CLK
        8.636680 network latency mprj.team_12_Wrapper.team_12_WB.instance_to_wrap/clk
---------------
11.603848 14.206680 latency
        2.602832 skew

fall -> fall
    min     max
4.650000 5.570000 source latency
7.155361         network latency _8824_/CLK
        8.307130 network latency mprj.team_12_Wrapper.team_12_WB.instance_to_wrap/clk
---------------
11.805361 13.877130 latency
        2.071769 skew



===========================================================================
report_clock_min_period
============================================================================
clk period_min = 22.42 fmax = 44.61
