
===========================================================================
 report_power
============================================================================
======================= min_tt_025C_1v80 Corner ===================================

Group                    Internal    Switching      Leakage        Total
                            Power        Power        Power        Power (Watts)
------------------------------------------------------------------------
Sequential           1.564774e-04 2.665934e-07 4.676663e-09 1.567487e-04  21.4%
Combinational        1.663566e-05 6.255094e-05 3.814424e-08 7.922475e-05  10.8%
Clock                1.795879e-04 3.177646e-04 3.877483e-07 4.977402e-04  67.8%
Macro                0.000000e+00 0.000000e+00 0.000000e+00 0.000000e+00   0.0%
Pad                  0.000000e+00 0.000000e+00 0.000000e+00 0.000000e+00   0.0%
------------------------------------------------------------------------
Total                3.527006e-04 3.805821e-04 4.305789e-07 7.337133e-04 100.0%
                            48.1%        51.9%         0.1%

