
===========================================================================
 report_power
============================================================================
======================= min_tt_025C_1v80 Corner ===================================

Group                    Internal    Switching      Leakage        Total
                            Power        Power        Power        Power (Watts)
------------------------------------------------------------------------
Sequential           1.562831e-04 2.686531e-08 4.745329e-09 1.563147e-04  21.8%
Combinational        1.535704e-05 6.140341e-05 3.939378e-08 7.679984e-05  10.7%
Clock                1.651463e-04 3.175962e-04 3.985156e-07 4.831410e-04  67.5%
Macro                0.000000e+00 0.000000e+00 0.000000e+00 0.000000e+00   0.0%
Pad                  0.000000e+00 0.000000e+00 0.000000e+00 0.000000e+00   0.0%
------------------------------------------------------------------------
Total                3.367864e-04 3.790264e-04 4.426677e-07 7.162555e-04 100.0%
                            47.0%        52.9%         0.1%

