Clock: clk
Sources: wb_clk_i 
Generated: no
Virtual: yes
Propagated: no
Period: 100.000000

===========================================================================
report_clock_properties
============================================================================
Clock                   Period          Waveform
----------------------------------------------------
clk                 100.000000    0.000000 50.000000

===========================================================================
report_clock_latency
============================================================================
Clock clk
rise -> rise
    min     max
4.650000 5.570000 source latency
6.411548         network latency _8824_/CLK
        8.219975 network latency mprj.team_12_Wrapper.team_12_WB.instance_to_wrap/clk
---------------
11.061548 13.789974 latency
        2.728426 skew

fall -> fall
    min     max
4.650000 5.570000 source latency
6.768030         network latency _8824_/CLK
        8.155052 network latency mprj.team_12_Wrapper.team_12_WB.instance_to_wrap/clk
---------------
11.418030 13.725052 latency
        2.307022 skew



===========================================================================
report_clock_min_period
============================================================================
clk period_min = 17.63 fmax = 56.73
