
===========================================================================
 report_power
============================================================================
======================= nom_ff_n40C_1v95 Corner ===================================

Group                    Internal    Switching      Leakage        Total
                            Power        Power        Power        Power (Watts)
------------------------------------------------------------------------
Sequential           1.831134e-04 3.398452e-08 1.171926e-08 1.831591e-04  21.0%
Combinational        1.854692e-05 7.876644e-05 1.331533e-07 9.744651e-05  11.2%
Clock                1.905690e-04 3.994484e-04 4.726797e-07 5.904901e-04  67.8%
Macro                0.000000e+00 0.000000e+00 0.000000e+00 0.000000e+00   0.0%
Pad                  0.000000e+00 0.000000e+00 0.000000e+00 0.000000e+00   0.0%
------------------------------------------------------------------------
Total                3.922295e-04 4.782488e-04 6.175518e-07 8.710959e-04 100.0%
                            45.0%        54.9%         0.1%

