
===========================================================================
 report_power
============================================================================
======================= nom_ff_n40C_1v95 Corner ===================================

Group                    Internal    Switching      Leakage        Total
                            Power        Power        Power        Power (Watts)
------------------------------------------------------------------------
Sequential           1.831054e-04 3.318757e-07 1.113496e-08 1.834484e-04  20.6%
Combinational        2.000255e-05 8.001892e-05 1.281898e-07 1.001496e-04  11.2%
Clock                2.072565e-04 3.996549e-04 4.603829e-07 6.073717e-04  68.2%
Macro                0.000000e+00 0.000000e+00 0.000000e+00 0.000000e+00   0.0%
Pad                  0.000000e+00 0.000000e+00 0.000000e+00 0.000000e+00   0.0%
------------------------------------------------------------------------
Total                4.103647e-04 4.800057e-04 5.997006e-07 8.909701e-04 100.0%
                            46.1%        53.9%         0.1%

