Clock: clk
Sources: wb_clk_i 
Generated: no
Virtual: yes
Propagated: no
Period: 100.000000

===========================================================================
report_clock_properties
============================================================================
Clock                   Period          Waveform
----------------------------------------------------
clk                 100.000000    0.000000 50.000000

===========================================================================
report_clock_latency
============================================================================
Clock clk
rise -> rise
    min     max
4.650000 5.570000 source latency
8.527206         network latency _8846_/CLK
        10.316809 network latency mprj.team_12_Wrapper.team_12_WB.instance_to_wrap/clk
---------------
13.177207 15.886808 latency
        2.709601 skew

fall -> fall
    min     max
4.650000 5.570000 source latency
8.582717         network latency _8846_/CLK
        9.658322 network latency mprj.team_12_Wrapper.team_12_WB.instance_to_wrap/clk
---------------
13.232717 15.228322 latency
        1.995605 skew



===========================================================================
report_clock_min_period
============================================================================
clk period_min = 43.92 fmax = 22.77
