
===========================================================================
 report_power
============================================================================
======================= nom_ss_100C_1v60 Corner ===================================

Group                    Internal    Switching      Leakage        Total
                            Power        Power        Power        Power (Watts)
------------------------------------------------------------------------
Sequential           1.199481e-04 2.187275e-08 7.586198e-06 1.275562e-04  19.8%
Combinational        1.237185e-05 5.306464e-05 4.625615e-05 1.116926e-04  17.3%
Clock                1.342689e-04 2.693851e-04 2.492370e-06 4.061463e-04  62.9%
Macro                0.000000e+00 0.000000e+00 0.000000e+00 0.000000e+00   0.0%
Pad                  0.000000e+00 0.000000e+00 0.000000e+00 0.000000e+00   0.0%
------------------------------------------------------------------------
Total                2.665889e-04 3.224718e-04 5.633590e-05 6.453965e-04 100.0%
                            41.3%        50.0%         8.7%

